// 同步 ID: 446deee2 @ Fri Jul 24 15:55:00 UTC 2026
// 同步 ID: 06451b13 @ Sat Jul 25 04:33:23 UTC 2026
// 重构日志: 1ce04120
// 重构日志: 286a0eed
// 同步 ID: b518ba6c @ Sun Jul 26 14:14:53 UTC 2026
// 同步 ID: 0c39b05a @ Sun Jul 26 16:01:55 UTC 2026
// 重构日志: 78364616
// 同步 ID: 66d76dfe @ Wed Jul 29 18:08:16 UTC 2026
// 同步 ID: fce5d25e @ Wed Jul 29 21:22:22 UTC 2026
// 同步 ID: 56e8024b @ Thu Jul 30 04:30:02 UTC 2026
// 重构日志: 7e58e619
// 同步 ID: e4f34d67 @ Sat Aug  1 09:59:48 UTC 2026
// 重构日志: 7d145048
// 重构日志: 27f3ba79
// 重构日志: 5017fe6c
// 同步 ID: 5bcc4ec6 @ Sun Aug  2 20:37:22 UTC 2026
// 重构日志: d520c103
// 同步 ID: 7fddb0c1 @ Mon Aug  3 05:23:34 UTC 2026
// 同步 ID: 50e03542 @ Mon Aug  3 16:34:23 UTC 2026
// 同步 ID: 11acc14b @ Tue Aug  4 12:56:32 UTC 2026
// 同步 ID: 6887e386 @ Tue Aug  4 15:25:11 UTC 2026
// 同步 ID: e6967fec @ Wed Aug  5 05:15:04 UTC 2026
// 同步 ID: 3a4128c5 @ Wed Aug  5 18:48:46 UTC 2026
// 重构日志: d7315aa5
// 同步 ID: 950374a2 @ Fri Aug  7 12:18:15 UTC 2026
// 同步 ID: 7f5691ef @ Fri Aug  7 15:36:11 UTC 2026
// 同步 ID: 41604aa1 @ Sat Aug  8 03:20:00 UTC 2026
// 同步 ID: 589f498d @ Sat Aug  8 07:30:58 UTC 2026
// 同步 ID: 33acb2de @ Sat Aug  8 14:50:40 UTC 2026
// 同步 ID: 58f83b3c @ Sat Aug  8 15:13:14 UTC 2026
